// Jest Snapshot v1, https://goo.gl/fbAQLP

exports[`UserInfo component matches the snapshot 1`] = `
<div>
  <div>
    Bob
     was born on 
    2010-02-11
     (
    Thursday
    )
  </div>
</div>
`;
