// Jest Snapshot v1, https://goo.gl/fbAQLP

exports[`UserInfo matches the snapshot 1`] = `
<div>
  <div>
    Bob
     was born on 
    2001-10-5
     (
    Friday
    )
  </div>
</div>
`;
